// Jest Snapshot v1, https://goo.gl/fbAQLP

exports[`CreateContact should match snapshot 1`] = `
ShallowWrapper {
  Symbol(enzyme.__root__): [Circular],
  Symbol(enzyme.__unrendered__): <CreateContact />,
  Symbol(enzyme.__renderer__): Object {
    "batchedUpdates": [Function],
    "checkPropTypes": [Function],
    "getNode": [Function],
    "render": [Function],
    "simulateError": [Function],
    "simulateEvent": [Function],
    "unmount": [Function],
  },
  Symbol(enzyme.__node__): Object {
    "instance": null,
    "key": undefined,
    "nodeType": "host",
    "props": Object {
      "children": Array [
        <div
          className="new-contact-header"
        >
          New Contact
        </div>,
        <div
          className="article"
        >
          <div
            className="name"
          >
            <input
              className="new-contact-name"
              name="contactName"
              placeholder="Name"
              required={true}
              type="text"
              value=""
            />
          </div>
          <div
            className="priority"
          >
            <select
              className="priority-selection"
              required={true}
              value=""
            >
              <option
                value="prio-1"
              >
                1 - least important
              </option>
              <option
                value="prio-2"
              >
                2
              </option>
              <option
                value="prio-3"
              >
                3
              </option>
              <option
                value="prio-4"
              >
                4
              </option>
              <option
                value="prio-5"
              >
                5 - most important
              </option>
            </select>
          </div>
          <div
            className="frequency"
          >
            <p>
              Contact every
            </p>
            <input
              className="frequency-input"
              name="contactFrequency"
              placeholder="7"
              required={true}
              type="text"
              value=""
            />
            <p>
              days
            </p>
          </div>
          <label
            className="notes-label"
          >
            Notes:
          </label>
          <div
            className="notes"
          >
            <text-area
              className="note-field"
              placeholder="Take your notes here."
              rows="5"
              value=""
            />
          </div>
        </div>,
        <div
          className="save-contact"
        >
          <button
            className="save-contact-btn"
          >
            Save Contact
          </button>
        </div>,
      ],
    },
    "ref": null,
    "rendered": Array [
      Object {
        "instance": null,
        "key": undefined,
        "nodeType": "host",
        "props": Object {
          "children": "New Contact",
          "className": "new-contact-header",
        },
        "ref": null,
        "rendered": "New Contact",
        "type": "div",
      },
      Object {
        "instance": null,
        "key": undefined,
        "nodeType": "host",
        "props": Object {
          "children": Array [
            <div
              className="name"
            >
              <input
                className="new-contact-name"
                name="contactName"
                placeholder="Name"
                required={true}
                type="text"
                value=""
              />
            </div>,
            <div
              className="priority"
            >
              <select
                className="priority-selection"
                required={true}
                value=""
              >
                <option
                  value="prio-1"
                >
                  1 - least important
                </option>
                <option
                  value="prio-2"
                >
                  2
                </option>
                <option
                  value="prio-3"
                >
                  3
                </option>
                <option
                  value="prio-4"
                >
                  4
                </option>
                <option
                  value="prio-5"
                >
                  5 - most important
                </option>
              </select>
            </div>,
            <div
              className="frequency"
            >
              <p>
                Contact every
              </p>
              <input
                className="frequency-input"
                name="contactFrequency"
                placeholder="7"
                required={true}
                type="text"
                value=""
              />
              <p>
                days
              </p>
            </div>,
            <label
              className="notes-label"
            >
              Notes:
            </label>,
            <div
              className="notes"
            >
              <text-area
                className="note-field"
                placeholder="Take your notes here."
                rows="5"
                value=""
              />
            </div>,
          ],
          "className": "article",
        },
        "ref": null,
        "rendered": Array [
          Object {
            "instance": null,
            "key": undefined,
            "nodeType": "host",
            "props": Object {
              "children": <input
                className="new-contact-name"
                name="contactName"
                placeholder="Name"
                required={true}
                type="text"
                value=""
              />,
              "className": "name",
            },
            "ref": null,
            "rendered": Object {
              "instance": null,
              "key": undefined,
              "nodeType": "host",
              "props": Object {
                "className": "new-contact-name",
                "name": "contactName",
                "placeholder": "Name",
                "required": true,
                "type": "text",
                "value": "",
              },
              "ref": null,
              "rendered": null,
              "type": "input",
            },
            "type": "div",
          },
          Object {
            "instance": null,
            "key": undefined,
            "nodeType": "host",
            "props": Object {
              "children": <select
                className="priority-selection"
                required={true}
                value=""
              >
                <option
                  value="prio-1"
                >
                  1 - least important
                </option>
                <option
                  value="prio-2"
                >
                  2
                </option>
                <option
                  value="prio-3"
                >
                  3
                </option>
                <option
                  value="prio-4"
                >
                  4
                </option>
                <option
                  value="prio-5"
                >
                  5 - most important
                </option>
              </select>,
              "className": "priority",
            },
            "ref": null,
            "rendered": Object {
              "instance": null,
              "key": undefined,
              "nodeType": "host",
              "props": Object {
                "children": Array [
                  <option
                    value="prio-1"
                  >
                    1 - least important
                  </option>,
                  <option
                    value="prio-2"
                  >
                    2
                  </option>,
                  <option
                    value="prio-3"
                  >
                    3
                  </option>,
                  <option
                    value="prio-4"
                  >
                    4
                  </option>,
                  <option
                    value="prio-5"
                  >
                    5 - most important
                  </option>,
                ],
                "className": "priority-selection",
                "required": true,
                "value": "",
              },
              "ref": null,
              "rendered": Array [
                Object {
                  "instance": null,
                  "key": undefined,
                  "nodeType": "host",
                  "props": Object {
                    "children": "1 - least important",
                    "value": "prio-1",
                  },
                  "ref": null,
                  "rendered": "1 - least important",
                  "type": "option",
                },
                Object {
                  "instance": null,
                  "key": undefined,
                  "nodeType": "host",
                  "props": Object {
                    "children": "2",
                    "value": "prio-2",
                  },
                  "ref": null,
                  "rendered": "2",
                  "type": "option",
                },
                Object {
                  "instance": null,
                  "key": undefined,
                  "nodeType": "host",
                  "props": Object {
                    "children": "3",
                    "value": "prio-3",
                  },
                  "ref": null,
                  "rendered": "3",
                  "type": "option",
                },
                Object {
                  "instance": null,
                  "key": undefined,
                  "nodeType": "host",
                  "props": Object {
                    "children": "4",
                    "value": "prio-4",
                  },
                  "ref": null,
                  "rendered": "4",
                  "type": "option",
                },
                Object {
                  "instance": null,
                  "key": undefined,
                  "nodeType": "host",
                  "props": Object {
                    "children": "5 - most important",
                    "value": "prio-5",
                  },
                  "ref": null,
                  "rendered": "5 - most important",
                  "type": "option",
                },
              ],
              "type": "select",
            },
            "type": "div",
          },
          Object {
            "instance": null,
            "key": undefined,
            "nodeType": "host",
            "props": Object {
              "children": Array [
                <p>
                  Contact every
                </p>,
                <input
                  className="frequency-input"
                  name="contactFrequency"
                  placeholder="7"
                  required={true}
                  type="text"
                  value=""
                />,
                <p>
                  days
                </p>,
              ],
              "className": "frequency",
            },
            "ref": null,
            "rendered": Array [
              Object {
                "instance": null,
                "key": undefined,
                "nodeType": "host",
                "props": Object {
                  "children": "Contact every",
                },
                "ref": null,
                "rendered": "Contact every",
                "type": "p",
              },
              Object {
                "instance": null,
                "key": undefined,
                "nodeType": "host",
                "props": Object {
                  "className": "frequency-input",
                  "name": "contactFrequency",
                  "placeholder": "7",
                  "required": true,
                  "type": "text",
                  "value": "",
                },
                "ref": null,
                "rendered": null,
                "type": "input",
              },
              Object {
                "instance": null,
                "key": undefined,
                "nodeType": "host",
                "props": Object {
                  "children": "days",
                },
                "ref": null,
                "rendered": "days",
                "type": "p",
              },
            ],
            "type": "div",
          },
          Object {
            "instance": null,
            "key": undefined,
            "nodeType": "host",
            "props": Object {
              "children": "Notes:",
              "className": "notes-label",
            },
            "ref": null,
            "rendered": "Notes:",
            "type": "label",
          },
          Object {
            "instance": null,
            "key": undefined,
            "nodeType": "host",
            "props": Object {
              "children": <text-area
                className="note-field"
                placeholder="Take your notes here."
                rows="5"
                value=""
              />,
              "className": "notes",
            },
            "ref": null,
            "rendered": Object {
              "instance": null,
              "key": undefined,
              "nodeType": "host",
              "props": Object {
                "className": "note-field",
                "placeholder": "Take your notes here.",
                "rows": "5",
                "value": "",
              },
              "ref": null,
              "rendered": null,
              "type": "text-area",
            },
            "type": "div",
          },
        ],
        "type": "div",
      },
      Object {
        "instance": null,
        "key": undefined,
        "nodeType": "host",
        "props": Object {
          "children": <button
            className="save-contact-btn"
          >
            Save Contact
          </button>,
          "className": "save-contact",
        },
        "ref": null,
        "rendered": Object {
          "instance": null,
          "key": undefined,
          "nodeType": "host",
          "props": Object {
            "children": "Save Contact",
            "className": "save-contact-btn",
          },
          "ref": null,
          "rendered": "Save Contact",
          "type": "button",
        },
        "type": "div",
      },
    ],
    "type": "form",
  },
  Symbol(enzyme.__nodes__): Array [
    Object {
      "instance": null,
      "key": undefined,
      "nodeType": "host",
      "props": Object {
        "children": Array [
          <div
            className="new-contact-header"
          >
            New Contact
          </div>,
          <div
            className="article"
          >
            <div
              className="name"
            >
              <input
                className="new-contact-name"
                name="contactName"
                placeholder="Name"
                required={true}
                type="text"
                value=""
              />
            </div>
            <div
              className="priority"
            >
              <select
                className="priority-selection"
                required={true}
                value=""
              >
                <option
                  value="prio-1"
                >
                  1 - least important
                </option>
                <option
                  value="prio-2"
                >
                  2
                </option>
                <option
                  value="prio-3"
                >
                  3
                </option>
                <option
                  value="prio-4"
                >
                  4
                </option>
                <option
                  value="prio-5"
                >
                  5 - most important
                </option>
              </select>
            </div>
            <div
              className="frequency"
            >
              <p>
                Contact every
              </p>
              <input
                className="frequency-input"
                name="contactFrequency"
                placeholder="7"
                required={true}
                type="text"
                value=""
              />
              <p>
                days
              </p>
            </div>
            <label
              className="notes-label"
            >
              Notes:
            </label>
            <div
              className="notes"
            >
              <text-area
                className="note-field"
                placeholder="Take your notes here."
                rows="5"
                value=""
              />
            </div>
          </div>,
          <div
            className="save-contact"
          >
            <button
              className="save-contact-btn"
            >
              Save Contact
            </button>
          </div>,
        ],
      },
      "ref": null,
      "rendered": Array [
        Object {
          "instance": null,
          "key": undefined,
          "nodeType": "host",
          "props": Object {
            "children": "New Contact",
            "className": "new-contact-header",
          },
          "ref": null,
          "rendered": "New Contact",
          "type": "div",
        },
        Object {
          "instance": null,
          "key": undefined,
          "nodeType": "host",
          "props": Object {
            "children": Array [
              <div
                className="name"
              >
                <input
                  className="new-contact-name"
                  name="contactName"
                  placeholder="Name"
                  required={true}
                  type="text"
                  value=""
                />
              </div>,
              <div
                className="priority"
              >
                <select
                  className="priority-selection"
                  required={true}
                  value=""
                >
                  <option
                    value="prio-1"
                  >
                    1 - least important
                  </option>
                  <option
                    value="prio-2"
                  >
                    2
                  </option>
                  <option
                    value="prio-3"
                  >
                    3
                  </option>
                  <option
                    value="prio-4"
                  >
                    4
                  </option>
                  <option
                    value="prio-5"
                  >
                    5 - most important
                  </option>
                </select>
              </div>,
              <div
                className="frequency"
              >
                <p>
                  Contact every
                </p>
                <input
                  className="frequency-input"
                  name="contactFrequency"
                  placeholder="7"
                  required={true}
                  type="text"
                  value=""
                />
                <p>
                  days
                </p>
              </div>,
              <label
                className="notes-label"
              >
                Notes:
              </label>,
              <div
                className="notes"
              >
                <text-area
                  className="note-field"
                  placeholder="Take your notes here."
                  rows="5"
                  value=""
                />
              </div>,
            ],
            "className": "article",
          },
          "ref": null,
          "rendered": Array [
            Object {
              "instance": null,
              "key": undefined,
              "nodeType": "host",
              "props": Object {
                "children": <input
                  className="new-contact-name"
                  name="contactName"
                  placeholder="Name"
                  required={true}
                  type="text"
                  value=""
                />,
                "className": "name",
              },
              "ref": null,
              "rendered": Object {
                "instance": null,
                "key": undefined,
                "nodeType": "host",
                "props": Object {
                  "className": "new-contact-name",
                  "name": "contactName",
                  "placeholder": "Name",
                  "required": true,
                  "type": "text",
                  "value": "",
                },
                "ref": null,
                "rendered": null,
                "type": "input",
              },
              "type": "div",
            },
            Object {
              "instance": null,
              "key": undefined,
              "nodeType": "host",
              "props": Object {
                "children": <select
                  className="priority-selection"
                  required={true}
                  value=""
                >
                  <option
                    value="prio-1"
                  >
                    1 - least important
                  </option>
                  <option
                    value="prio-2"
                  >
                    2
                  </option>
                  <option
                    value="prio-3"
                  >
                    3
                  </option>
                  <option
                    value="prio-4"
                  >
                    4
                  </option>
                  <option
                    value="prio-5"
                  >
                    5 - most important
                  </option>
                </select>,
                "className": "priority",
              },
              "ref": null,
              "rendered": Object {
                "instance": null,
                "key": undefined,
                "nodeType": "host",
                "props": Object {
                  "children": Array [
                    <option
                      value="prio-1"
                    >
                      1 - least important
                    </option>,
                    <option
                      value="prio-2"
                    >
                      2
                    </option>,
                    <option
                      value="prio-3"
                    >
                      3
                    </option>,
                    <option
                      value="prio-4"
                    >
                      4
                    </option>,
                    <option
                      value="prio-5"
                    >
                      5 - most important
                    </option>,
                  ],
                  "className": "priority-selection",
                  "required": true,
                  "value": "",
                },
                "ref": null,
                "rendered": Array [
                  Object {
                    "instance": null,
                    "key": undefined,
                    "nodeType": "host",
                    "props": Object {
                      "children": "1 - least important",
                      "value": "prio-1",
                    },
                    "ref": null,
                    "rendered": "1 - least important",
                    "type": "option",
                  },
                  Object {
                    "instance": null,
                    "key": undefined,
                    "nodeType": "host",
                    "props": Object {
                      "children": "2",
                      "value": "prio-2",
                    },
                    "ref": null,
                    "rendered": "2",
                    "type": "option",
                  },
                  Object {
                    "instance": null,
                    "key": undefined,
                    "nodeType": "host",
                    "props": Object {
                      "children": "3",
                      "value": "prio-3",
                    },
                    "ref": null,
                    "rendered": "3",
                    "type": "option",
                  },
                  Object {
                    "instance": null,
                    "key": undefined,
                    "nodeType": "host",
                    "props": Object {
                      "children": "4",
                      "value": "prio-4",
                    },
                    "ref": null,
                    "rendered": "4",
                    "type": "option",
                  },
                  Object {
                    "instance": null,
                    "key": undefined,
                    "nodeType": "host",
                    "props": Object {
                      "children": "5 - most important",
                      "value": "prio-5",
                    },
                    "ref": null,
                    "rendered": "5 - most important",
                    "type": "option",
                  },
                ],
                "type": "select",
              },
              "type": "div",
            },
            Object {
              "instance": null,
              "key": undefined,
              "nodeType": "host",
              "props": Object {
                "children": Array [
                  <p>
                    Contact every
                  </p>,
                  <input
                    className="frequency-input"
                    name="contactFrequency"
                    placeholder="7"
                    required={true}
                    type="text"
                    value=""
                  />,
                  <p>
                    days
                  </p>,
                ],
                "className": "frequency",
              },
              "ref": null,
              "rendered": Array [
                Object {
                  "instance": null,
                  "key": undefined,
                  "nodeType": "host",
                  "props": Object {
                    "children": "Contact every",
                  },
                  "ref": null,
                  "rendered": "Contact every",
                  "type": "p",
                },
                Object {
                  "instance": null,
                  "key": undefined,
                  "nodeType": "host",
                  "props": Object {
                    "className": "frequency-input",
                    "name": "contactFrequency",
                    "placeholder": "7",
                    "required": true,
                    "type": "text",
                    "value": "",
                  },
                  "ref": null,
                  "rendered": null,
                  "type": "input",
                },
                Object {
                  "instance": null,
                  "key": undefined,
                  "nodeType": "host",
                  "props": Object {
                    "children": "days",
                  },
                  "ref": null,
                  "rendered": "days",
                  "type": "p",
                },
              ],
              "type": "div",
            },
            Object {
              "instance": null,
              "key": undefined,
              "nodeType": "host",
              "props": Object {
                "children": "Notes:",
                "className": "notes-label",
              },
              "ref": null,
              "rendered": "Notes:",
              "type": "label",
            },
            Object {
              "instance": null,
              "key": undefined,
              "nodeType": "host",
              "props": Object {
                "children": <text-area
                  className="note-field"
                  placeholder="Take your notes here."
                  rows="5"
                  value=""
                />,
                "className": "notes",
              },
              "ref": null,
              "rendered": Object {
                "instance": null,
                "key": undefined,
                "nodeType": "host",
                "props": Object {
                  "className": "note-field",
                  "placeholder": "Take your notes here.",
                  "rows": "5",
                  "value": "",
                },
                "ref": null,
                "rendered": null,
                "type": "text-area",
              },
              "type": "div",
            },
          ],
          "type": "div",
        },
        Object {
          "instance": null,
          "key": undefined,
          "nodeType": "host",
          "props": Object {
            "children": <button
              className="save-contact-btn"
            >
              Save Contact
            </button>,
            "className": "save-contact",
          },
          "ref": null,
          "rendered": Object {
            "instance": null,
            "key": undefined,
            "nodeType": "host",
            "props": Object {
              "children": "Save Contact",
              "className": "save-contact-btn",
            },
            "ref": null,
            "rendered": "Save Contact",
            "type": "button",
          },
          "type": "div",
        },
      ],
      "type": "form",
    },
  ],
  Symbol(enzyme.__options__): Object {
    "adapter": ReactSixteenAdapter {
      "options": Object {
        "enableComponentDidUpdateOnSetState": true,
        "legacyContextMode": "parent",
        "lifecycles": Object {
          "componentDidUpdate": Object {
            "onSetState": true,
          },
          "getChildContext": Object {
            "calledByRenderer": false,
          },
          "getDerivedStateFromProps": true,
          "getSnapshotBeforeUpdate": true,
          "setState": Object {
            "skipsComponentDidUpdateOnNullish": true,
          },
        },
      },
    },
  },
}
`;
